// Jest Snapshot v1, https://goo.gl/fbAQLP

exports[`<ReportTrigger /> panel render component 1`] = `
<div
  class="euiPanel euiPanel--paddingLarge euiPageContent"
>
  <div
    class="euiPageHeader euiPageHeader--responsive"
  >
    <h2
      class="euiTitle euiTitle--medium"
    >
      Report trigger
    </h2>
  </div>
  <hr
    class="euiHorizontalRule euiHorizontalRule--full euiHorizontalRule--marginLarge"
  />
  <div
    class="euiPageContentBody"
  >
    <div
      class="euiFormRow"
      id="random_html_id-row"
    >
      <div
        class="euiFormRow__labelWrapper"
      >
        <label
          class="euiFormLabel euiFormRow__label"
          for="random_html_id"
        >
          Trigger type
        </label>
      </div>
      <div
        class="euiFormRow__fieldWrapper"
      >
        <div
          id="random_html_id"
        >
          <div
            class="euiRadio euiRadioGroup__item"
          >
            <input
              checked=""
              class="euiRadio__input"
              id="On demand"
              type="radio"
              value=""
            />
            <div
              class="euiRadio__circle"
            />
            <label
              class="euiRadio__label"
              for="On demand"
            >
              On demand
            </label>
          </div>
          <div
            class="euiRadio euiRadioGroup__item"
          >
            <input
              class="euiRadio__input"
              id="Schedule"
              type="radio"
              value=""
            />
            <div
              class="euiRadio__circle"
            />
            <label
              class="euiRadio__label"
              for="Schedule"
            >
              Schedule
            </label>
          </div>
        </div>
      </div>
    </div>
    <div
      class="euiSpacer euiSpacer--l"
    />
  </div>
</div>
`;
