// Jest Snapshot v1, https://goo.gl/fbAQLP

exports[`<ShareEmailModal /> panel render component 1`] = `
<div>
  <form
    class="euiForm"
  >
    <div
      class="euiFormRow"
      id="random_html_id-row"
    >
      <div
        class="euiFormRow__labelWrapper"
      >
        <label
          class="euiFormLabel euiFormRow__label"
          for="random_html_id"
        >
          Add email recipients
        </label>
      </div>
      <div
        class="euiFormRow__fieldWrapper"
      >
        <div
          aria-describedby="random_html_id-help"
          aria-expanded="false"
          aria-haspopup="listbox"
          class="euiComboBox"
          role="combobox"
        >
          <div
            class="euiFormControlLayout"
          >
            <div
              class="euiFormControlLayout__childrenWrapper"
            >
              <div
                class="euiComboBox__inputWrap euiComboBox__inputWrap-isClearable"
                data-test-subj="comboBoxInput"
                tabindex="-1"
              >
                <span
                  class="euiBadge euiBadge--hollow euiBadge--iconRight euiComboBoxPill"
                  title="davidcui@amazon.com"
                >
                  <span
                    class="euiBadge__content"
                  >
                    <span
                      class="euiBadge__text"
                    >
                      davidcui@amazon.com
                    </span>
                    <button
                      aria-label="Remove davidcui@amazon.com from selection in this group"
                      class="euiBadge__iconButton"
                      title="Remove davidcui@amazon.com from selection in this group"
                    >
                      <svg
                        aria-hidden="true"
                        class="euiIcon euiIcon--small euiIcon-isLoading euiBadge__icon"
                        focusable="false"
                        height="16"
                        role="img"
                        tabindex="-1"
                        viewBox="0 0 16 16"
                        width="16"
                        xmlns="http://www.w3.org/2000/svg"
                      />
                    </button>
                  </span>
                </span>
                <span
                  class="euiBadge euiBadge--hollow euiBadge--iconRight euiComboBoxPill"
                  title="szhongna@amazon.com"
                >
                  <span
                    class="euiBadge__content"
                  >
                    <span
                      class="euiBadge__text"
                    >
                      szhongna@amazon.com
                    </span>
                    <button
                      aria-label="Remove szhongna@amazon.com from selection in this group"
                      class="euiBadge__iconButton"
                      title="Remove szhongna@amazon.com from selection in this group"
                    >
                      <svg
                        aria-hidden="true"
                        class="euiIcon euiIcon--small euiIcon-isLoading euiBadge__icon"
                        focusable="false"
                        height="16"
                        role="img"
                        tabindex="-1"
                        viewBox="0 0 16 16"
                        width="16"
                        xmlns="http://www.w3.org/2000/svg"
                      />
                    </button>
                  </span>
                </span>
                <div
                  class="euiComboBox__input"
                  style="font-size: 14px; display: inline-block;"
                >
                  <input
                    aria-controls=""
                    data-test-subj="comboBoxSearchInput"
                    id="random_html_id"
                    role="textbox"
                    style="box-sizing: content-box; width: 2px;"
                    value=""
                  />
                  <div
                    style="position: absolute; top: 0px; left: 0px; visibility: hidden; height: 0px; overflow: scroll; white-space: pre; font-family: -webkit-small-control; letter-spacing: normal; text-transform: none;"
                  />
                </div>
              </div>
              <div
                class="euiFormControlLayoutIcons euiFormControlLayoutIcons--right"
              >
                <button
                  aria-label="Clear input"
                  class="euiFormControlLayoutClearButton"
                  data-test-subj="comboBoxClearButton"
                  type="button"
                >
                  <svg
                    aria-hidden="true"
                    class="euiIcon euiIcon--medium euiIcon-isLoading euiFormControlLayoutClearButton__icon"
                    focusable="false"
                    height="16"
                    role="img"
                    viewBox="0 0 16 16"
                    width="16"
                    xmlns="http://www.w3.org/2000/svg"
                  />
                </button>
                <button
                  aria-label="Open list of options"
                  class="euiFormControlLayoutCustomIcon euiFormControlLayoutCustomIcon--clickable"
                  data-test-subj="comboBoxToggleListButton"
                  type="button"
                >
                  <svg
                    aria-hidden="true"
                    class="euiIcon euiIcon--medium euiIcon-isLoading euiFormControlLayoutCustomIcon__icon"
                    focusable="false"
                    height="16"
                    role="img"
                    viewBox="0 0 16 16"
                    width="16"
                    xmlns="http://www.w3.org/2000/svg"
                  />
                </button>
              </div>
            </div>
          </div>
        </div>
        <div
          class="euiFormHelpText euiFormRow__text"
          id="random_html_id-help"
        >
          Select or add recipients
        </div>
      </div>
    </div>
    <div
      class="euiSpacer euiSpacer--s"
    />
    <div
      class="euiFormRow"
      id="random_html_id-row"
    >
      <div
        class="euiFormRow__labelWrapper"
      >
        <label
          class="euiFormLabel euiFormRow__label"
          for="random_html_id"
        >
          Email subject
        </label>
      </div>
      <div
        class="euiFormRow__fieldWrapper"
      >
        <div
          class="euiFormControlLayout"
        >
          <div
            class="euiFormControlLayout__childrenWrapper"
          >
            <input
              class="euiFieldText"
              id="random_html_id"
              type="text"
              value=""
            />
          </div>
        </div>
      </div>
    </div>
    <div
      class="euiFormRow euiFormRow--fullWidth"
      id="random_html_id-row"
    >
      <div
        class="euiFormRow__labelWrapper"
      >
        <label
          class="euiFormLabel euiFormRow__label"
          for="random_html_id"
        >
          Email body
        </label>
         
        <div
          class="euiText euiText--extraSmall"
        >
          <button
            class="euiLink euiLink--primary"
            type="button"
          >
            Insert placeholder
          </button>
        </div>
      </div>
      <div
        class="euiFormRow__fieldWrapper"
      >
        <textarea
          class="euiTextArea euiTextArea--resizeVertical euiTextArea--fullWidth"
          id="random_html_id"
          rows="6"
        />
      </div>
    </div>
    <div
      class="euiCheckbox"
    >
      <input
        class="euiCheckbox__input"
        id="attachment_as_switch_checkbox"
        type="checkbox"
      />
      <div
        class="euiCheckbox__square"
      />
      <label
        class="euiCheckbox__label"
        for="attachment_as_switch_checkbox"
      >
        Include report as attachment
      </label>
    </div>
    <div
      class="euiSpacer euiSpacer--l"
    />
  </form>
</div>
`;
