// Jest Snapshot v1, https://goo.gl/fbAQLP

exports[`<ShareModal /> panel render component 1`] = `
<div>
  <div
    class="euiText euiText--extraSmall"
  >
    <h2>
      <a>
        Share
      </a>
    </h2>
    <div />
  </div>
</div>
`;
