// Jest Snapshot v1, https://goo.gl/fbAQLP

exports[`<ReportDelivery /> panel render component 1`] = `
<div
  class="euiPanel euiPanel--paddingLarge euiPageContent"
>
  <div
    class="euiPageHeader euiPageHeader--responsive"
  >
    <h2
      class="euiTitle euiTitle--medium"
    >
      Delivery settings
    </h2>
  </div>
  <hr
    class="euiHorizontalRule euiHorizontalRule--full euiHorizontalRule--marginLarge"
  />
  <div
    class="euiPageContentBody"
  >
    <div
      class="euiFormRow"
      id="random_html_id-row"
    >
      <div
        class="euiFormRow__labelWrapper"
      >
        <label
          class="euiFormLabel euiFormRow__label"
          for="random_html_id"
        >
          Kibana recipients
        </label>
      </div>
      <div
        class="euiFormRow__fieldWrapper"
      >
        <div
          aria-expanded="false"
          aria-haspopup="listbox"
          class="euiComboBox"
          data-test-subj="demoComboBox"
          role="combobox"
        >
          <div
            class="euiFormControlLayout"
          >
            <div
              class="euiFormControlLayout__childrenWrapper"
            >
              <div
                class="euiComboBox__inputWrap euiComboBox__inputWrap-isClearable"
                data-test-subj="comboBoxInput"
                tabindex="-1"
              >
                <p
                  class="euiComboBoxPlaceholder"
                >
                  Select or create options
                </p>
                <div
                  class="euiComboBox__input"
                  style="font-size: 14px; display: inline-block;"
                >
                  <input
                    aria-controls=""
                    data-test-subj="comboBoxSearchInput"
                    role="textbox"
                    style="box-sizing: content-box; width: 2px;"
                    value=""
                  />
                  <div
                    style="position: absolute; top: 0px; left: 0px; visibility: hidden; height: 0px; overflow: scroll; white-space: pre; font-family: -webkit-small-control; letter-spacing: normal; text-transform: none;"
                  />
                </div>
              </div>
              <div
                class="euiFormControlLayoutIcons euiFormControlLayoutIcons--right"
              >
                <button
                  aria-label="Open list of options"
                  class="euiFormControlLayoutCustomIcon euiFormControlLayoutCustomIcon--clickable"
                  data-test-subj="comboBoxToggleListButton"
                  type="button"
                >
                  <svg
                    aria-hidden="true"
                    class="euiIcon euiIcon--medium euiIcon-isLoading euiFormControlLayoutCustomIcon__icon"
                    focusable="false"
                    height="16"
                    role="img"
                    viewBox="0 0 16 16"
                    width="16"
                    xmlns="http://www.w3.org/2000/svg"
                  />
                </button>
              </div>
            </div>
          </div>
        </div>
        <div
          class="euiFormHelpText euiFormRow__text"
          id="random_html_id-help"
        >
          Select or add users
        </div>
      </div>
    </div>
    <div
      class="euiSpacer euiSpacer--l"
    />
    <div
      class="euiCheckbox"
    >
      <input
        class="euiCheckbox__input"
        id="emailCheckboxDelivery"
        type="checkbox"
      />
      <div
        class="euiCheckbox__square"
      />
      <label
        class="euiCheckbox__label"
        for="emailCheckboxDelivery"
      >
        Email
      </label>
    </div>
    <div
      class="euiSpacer euiSpacer--l"
    />
  </div>
</div>
`;
